// Vitest Snapshot v1, https://vitest.dev/guide/snapshot.html

exports[`CharacterCard > The component UI should not change 1`] = `
{
  "asFragment": [Function],
  "baseElement": <body>
    <div>
      <div
        class="character-card-container"
      >
        <img
          alt="Rick Sanchez"
          class="character-card-image"
          src="https://rickandmortyapi.com/api/character/avatar/1.jpeg"
        />
        <div
          class="character-card-name-sub"
        >
          <p
            class="character-card-name"
          >
            Rick Sanchez
          </p>
          <div
            class="favorite-button-container"
          >
            <button
              aria-label="Remove from favorites"
            >
              <svg
                height="1em"
                viewBox="0 0 36 36"
                width="1em"
                xmlns="http://www.w3.org/2000/svg"
              >
                <path
                  d="M35.885 11.833c0-5.45-4.418-9.868-9.867-9.868c-3.308 0-6.227 1.633-8.018 4.129c-1.791-2.496-4.71-4.129-8.017-4.129c-5.45 0-9.868 4.417-9.868 9.868c0 .772.098 1.52.266 2.241C1.751 22.587 11.216 31.568 18 34.034c6.783-2.466 16.249-11.447 17.617-19.959c.17-.721.268-1.469.268-2.242"
                  fill="none"
                  stroke="#808080"
                />
              </svg>
            </button>
          </div>
        </div>
        <p
          class="character-card-info-title"
        >
          Information:
        </p>
        <div
          class="character-card-info"
        >
          <div
            class="character-card-sub"
          >
            <p>
              Status: 
              <span>
                Alive
              </span>
            </p>
            <p>
              Specie: 
              <span>
                Human
              </span>
            </p>
            <p>
              Type: 
              <span />
            </p>
            <p>
              Gender: 
              <span>
                Male
              </span>
            </p>
          </div>
          <div
            class="character-card-sub"
          >
            <p>
              Origin: 
              <span>
                Earth (C-137)
              </span>
            </p>
            <p>
              Location: 
              <span>
                Citadel of Ricks
              </span>
            </p>
            <p>
              Appearences: 
              <span>
                2
              </span>
            </p>
          </div>
        </div>
      </div>
    </div>
  </body>,
  "container": <div>
    <div
      class="character-card-container"
    >
      <img
        alt="Rick Sanchez"
        class="character-card-image"
        src="https://rickandmortyapi.com/api/character/avatar/1.jpeg"
      />
      <div
        class="character-card-name-sub"
      >
        <p
          class="character-card-name"
        >
          Rick Sanchez
        </p>
        <div
          class="favorite-button-container"
        >
          <button
            aria-label="Remove from favorites"
          >
            <svg
              height="1em"
              viewBox="0 0 36 36"
              width="1em"
              xmlns="http://www.w3.org/2000/svg"
            >
              <path
                d="M35.885 11.833c0-5.45-4.418-9.868-9.867-9.868c-3.308 0-6.227 1.633-8.018 4.129c-1.791-2.496-4.71-4.129-8.017-4.129c-5.45 0-9.868 4.417-9.868 9.868c0 .772.098 1.52.266 2.241C1.751 22.587 11.216 31.568 18 34.034c6.783-2.466 16.249-11.447 17.617-19.959c.17-.721.268-1.469.268-2.242"
                fill="none"
                stroke="#808080"
              />
            </svg>
          </button>
        </div>
      </div>
      <p
        class="character-card-info-title"
      >
        Information:
      </p>
      <div
        class="character-card-info"
      >
        <div
          class="character-card-sub"
        >
          <p>
            Status: 
            <span>
              Alive
            </span>
          </p>
          <p>
            Specie: 
            <span>
              Human
            </span>
          </p>
          <p>
            Type: 
            <span />
          </p>
          <p>
            Gender: 
            <span>
              Male
            </span>
          </p>
        </div>
        <div
          class="character-card-sub"
        >
          <p>
            Origin: 
            <span>
              Earth (C-137)
            </span>
          </p>
          <p>
            Location: 
            <span>
              Citadel of Ricks
            </span>
          </p>
          <p>
            Appearences: 
            <span>
              2
            </span>
          </p>
        </div>
      </div>
    </div>
  </div>,
  "debug": [Function],
  "findAllByAltText": [Function],
  "findAllByDisplayValue": [Function],
  "findAllByLabelText": [Function],
  "findAllByPlaceholderText": [Function],
  "findAllByRole": [Function],
  "findAllByTestId": [Function],
  "findAllByText": [Function],
  "findAllByTitle": [Function],
  "findByAltText": [Function],
  "findByDisplayValue": [Function],
  "findByLabelText": [Function],
  "findByPlaceholderText": [Function],
  "findByRole": [Function],
  "findByTestId": [Function],
  "findByText": [Function],
  "findByTitle": [Function],
  "getAllByAltText": [Function],
  "getAllByDisplayValue": [Function],
  "getAllByLabelText": [Function],
  "getAllByPlaceholderText": [Function],
  "getAllByRole": [Function],
  "getAllByTestId": [Function],
  "getAllByText": [Function],
  "getAllByTitle": [Function],
  "getByAltText": [Function],
  "getByDisplayValue": [Function],
  "getByLabelText": [Function],
  "getByPlaceholderText": [Function],
  "getByRole": [Function],
  "getByTestId": [Function],
  "getByText": [Function],
  "getByTitle": [Function],
  "queryAllByAltText": [Function],
  "queryAllByDisplayValue": [Function],
  "queryAllByLabelText": [Function],
  "queryAllByPlaceholderText": [Function],
  "queryAllByRole": [Function],
  "queryAllByTestId": [Function],
  "queryAllByText": [Function],
  "queryAllByTitle": [Function],
  "queryByAltText": [Function],
  "queryByDisplayValue": [Function],
  "queryByLabelText": [Function],
  "queryByPlaceholderText": [Function],
  "queryByRole": [Function],
  "queryByTestId": [Function],
  "queryByText": [Function],
  "queryByTitle": [Function],
  "rerender": [Function],
  "store": {
    "@@observable": [Function],
    "dispatch": [Function],
    "getState": [Function],
    "replaceReducer": [Function],
    "subscribe": [Function],
  },
  "unmount": [Function],
}
`;
